// Vitest Snapshot v1

exports[`supabase > get snapshot - warning-stack-collapsed.png 1`] = `
{
  "action_changed": null,
  "action_id": "3e006e01-42db-4d6e-950e-79b7d8344f5d",
  "changed": null,
  "created_at": "2023-01-03T20:54:18.20671+00:00",
  "file": "./playwright/visuals/light/warning-stack-collapsed.png",
  "id": 73095,
  "path": "dcb5df26-b418-4fe2-9bdf-5a838e604ec4/010e1fec31fb30e6771f3ae7b7f7f7053112929b48b9ca612098cb1735c452b8.png",
  "primary_changed": false,
  "primary_diff_path": "dcb5df26-b418-4fe2-9bdf-5a838e604ec4/8d095ab48e0091f7e0a6ad7959a322f0ad97a392ae34269b2c8a6977a047a3a4.png",
  "primary_num_pixels": null,
  "sha": "010e1fec31fb30e6771f3ae7b7f7f7053112929b48b9ca612098cb1735c452b8",
  "status": "Duplicate",
}
`;

exports[`supabase > get snapshot - warning-stack-collapsed.png 2`] = `
{
  "check_id": "10420254598",
  "comment_id": null,
  "created_at": "2023-01-03T19:21:46.445997+00:00",
  "id": "c481d064-f58c-4c6b-baa9-af2b888a361c",
  "name": "rebased/mbudayr/BAC-2510/use-focus-window-to-load-regions",
  "pr_number": "8464",
  "pr_title": "Rebased/mbudayr/bac 2510/use focus window to load regions",
  "project_id": "dcb5df26-b418-4fe2-9bdf-5a838e604ec4",
  "status": "closed",
}
`;
